// Jest Snapshot v1, https://goo.gl/fbAQLP

exports[`Home page matches snapshot 1`] = `
<DocumentFragment>
  <div>
    <main>
      <h1>
        Listening to the 500 best albums of all time accordinig to the 
        <em>
          Rolling Stone
        </em>
      </h1>
      <ul>
        <li
          itemscope=""
          itemtype="https://schema.org/MusicAlbum"
        >
          <h2>
            <span
              itemprop="name"
            >
              Sgt. Pepper’s Lonely Hearts Club Band
            </span>
             by 
            <span
              itemprop="byArtist"
              itemscope=""
              itemtype="https://schema.org/MusicGroup"
            >
              <span
                itemprop="name"
              >
                The Beatles
              </span>
            </span>
          </h2>
          <time
            itemprop="copyrightYear"
          >
            1967
          </time>
          <meta
            content="rock"
            itemprop="genre"
          />
          <p>
            I was not expecting too much from something so overrated, but I actually liked this one! I can see how this was considered very new back then.

          </p>
          <dl>
            <dt>
              Favourite song
            </dt>
            <dd>
              <a
                href="https://open.spotify.com/track/0xIuNHHcKI1JDuBPlSwzb1?si=srfQmlvFRGOQNpVTLEja4w"
              >
                Good Morning Good Morning
              </a>
            </dd>
            <dt>
              <em>
                Rolling Stone
              </em>
               rank
            </dt>
            <dd>
              1
            </dd>
            <dt>
              My rating
            </dt>
            <dd>
              7
            </dd>
          </dl>
          <a
            href="https://open.spotify.com/album/6QaVfG1pHYl1z15ZxkvVDW?si=BgpNjUoeRc-W4JXoea-Urw"
            itemprop="url"
          >
            Listen to 
            <em>
              Sgt. Pepper’s Lonely Hearts Club Band
            </em>
             on Spotify
          </a>
        </li>
        <li
          itemscope=""
          itemtype="https://schema.org/MusicAlbum"
        >
          <h2>
            <span
              itemprop="name"
            >
              Pet Sounds
            </span>
             by 
            <span
              itemprop="byArtist"
              itemscope=""
              itemtype="https://schema.org/MusicGroup"
            >
              <span
                itemprop="name"
              >
                The Beach Boys
              </span>
            </span>
          </h2>
          <time
            itemprop="copyrightYear"
          >
            1966
          </time>
          <p>
            Couple of OK songs you expect to hear on your dad’s radio, but didn’t get through the filter.

          </p>
          <dl>
            <dt>
              <em>
                Rolling Stone
              </em>
               rank
            </dt>
            <dd>
              2
            </dd>
            <dt>
              My rating
            </dt>
            <dd>
              3
            </dd>
          </dl>
          <a
            href="https://open.spotify.com/album/6GphKx2QAPRoVGWE9D7ou8?si=IIJXKha-TfmsvunzqaSG1A"
            itemprop="url"
          >
            Listen to 
            <em>
              Pet Sounds
            </em>
             on Spotify
          </a>
        </li>
      </ul>
    </main>
    <footer />
  </div>
</DocumentFragment>
`;
